// Jest Snapshot v1, https://goo.gl/fbAQLP

exports[`network bound resource renders loading 1`] = `
.c0 {
  position: fixed;
  left: 50%;
  top: 50%;
  -webkit-transform: translate(-50%,-50%);
  -ms-transform: translate(-50%,-50%);
  transform: translate(-50%,-50%);
  height: 100px;
  width: 100px;
}

<div
  aria-busy="true"
  className="c0"
  style={Object {}}
>
  <svg
    aria-label="audio-loading"
    height={80}
    viewBox="0 0 38 38"
    width={80}
    xmlns="http://www.w3.org/2000/svg"
  >
    <defs>
      <linearGradient
        id="a"
        x1="8.042%"
        x2="65.682%"
        y1="0%"
        y2="23.865%"
      >
        <stop
          offset="0%"
          stopColor="#02A3EE"
          stopOpacity="0"
        />
        <stop
          offset="63.146%"
          stopColor="#02A3EE"
          stopOpacity=".631"
        />
        <stop
          offset="100%"
          stopColor="#02A3EE"
        />
      </linearGradient>
    </defs>
    <g
      fill="none"
      fillRule="evenodd"
    >
      <g
        transform="translate(1 1)"
      >
        <path
          d="M36 18c0-9.94-8.06-18-18-18"
          id="Oval-2"
          stroke="#02A3EE"
          strokeWidth="2"
        >
          <animateTransform
            attributeName="transform"
            dur="0.9s"
            from="0 18 18"
            repeatCount="indefinite"
            to="360 18 18"
            type="rotate"
          />
        </path>
        <circle
          cx="36"
          cy="18"
          fill="#fff"
          r={1}
        >
          <animateTransform
            attributeName="transform"
            dur="0.9s"
            from="0 18 18"
            repeatCount="indefinite"
            to="360 18 18"
            type="rotate"
          />
        </circle>
      </g>
    </g>
  </svg>
</div>
`;

exports[`network bound resource renders not found 1`] = `
.c6 {
  -webkit-text-decoration: none;
  text-decoration: none;
  cursor: pointer;
  pointer-events: inherit;
}

.c6:hover {
  opacity: 0.9;
}

.c0 {
  position: fixed;
  left: 50%;
  -webkit-transform: translate(-50%,0);
  -ms-transform: translate(-50%,0);
  transform: translate(-50%,0);
  width: 100%;
  max-width: 1750px;
  height: 100%;
  display: grid;
  grid-template-columns: [img] 1fr [content] 1fr;
  justify-items: center;
  -webkit-align-items: center;
  -webkit-box-align: center;
  -ms-flex-align: center;
  align-items: center;
}

.c1 {
  grid-column: img;
  width: 75%;
}

.c2 {
  display: -webkit-box;
  display: -webkit-flex;
  display: -ms-flexbox;
  display: flex;
  grid-column: content;
  -webkit-flex-direction: column;
  -ms-flex-direction: column;
  flex-direction: column;
  height: 100%;
  -webkit-box-pack: center;
  -webkit-justify-content: center;
  -ms-flex-pack: center;
  justify-content: center;
  -webkit-align-items: center;
  -webkit-box-align: center;
  -ms-flex-align: center;
  align-items: center;
}

.c3 {
  margin: 0px;
  text-align: center;
  font-size: 20em;
  color: #02A3EE;
}

.c4 {
  margin: 0px;
  text-align: center;
  font-size: 2em;
  color: #3E3E3E;
}

.c5 {
  max-height: 50px;
  padding: 12px;
  border: none;
  background-color: #4D02EE;
  border-radius: 5px;
  color: white;
  font-family: 'B612',sans-serif;
  font-size: 1rem;
  font-weight: 700;
  cursor: pointer;
  background-color: transparent;
  border: 1px solid #4D02EE;
  margin-top: 64px;
  border: 1px solid #02A3EE;
}

.c5:hover {
  opacity: 0.90;
}

.c5:focus {
  outline: none;
}

.c5:active {
  opacity: 0.80;
}

.c5:disabled {
  background-color: #3E3E3E;
}

.c5:disabled:hover {
  opacity: 1;
  cursor: auto;
}

@media (max-width:47.9375em) {
  .c0 {
    grid-template-columns: [content] 1fr;
  }
}

@media (max-width:47.9375em) {
  .c1 {
    display: none;
  }
}

@media (max-width:47.9375em) {
  .c3 {
    font-size: 10em;
  }
}

@media (max-width:47.9375em) {
  .c4 {
    font-size: 1em;
  }
}

<div
  className="c0"
>
  <img
    className="c1"
    src={[Function]}
  />
  <div
    className="c2"
  >
    <h1
      className="c3"
    >
      404
    </h1>
    <h2
      className="c4"
    >
      Houston, we have a problem
    </h2>
    <button
      className="c5"
    >
      <a
        className="c6"
        disabled={false}
        href="/"
        onClick={[Function]}
      >
        Reroute
      </a>
    </button>
  </div>
</div>
`;

exports[`network bound resource renders success from cache 1`] = `
.c0 {
  box-shadow: 0 10px 15px -3px rgba(0,0,0,0.1),0 4px 6px -2px rgba(0,0,0,0.05);
  padding: 40px;
  border-radius: 10px;
  background-color: #1B1B1B;
}

<div
  className="c0"
  data="test"
/>
`;

exports[`network bound resource renders success from remote 1`] = `
.c6 {
  -webkit-text-decoration: none;
  text-decoration: none;
  cursor: pointer;
  pointer-events: inherit;
}

.c6:hover {
  opacity: 0.9;
}

.c0 {
  position: fixed;
  left: 50%;
  -webkit-transform: translate(-50%,0);
  -ms-transform: translate(-50%,0);
  transform: translate(-50%,0);
  width: 100%;
  max-width: 1750px;
  height: 100%;
  display: grid;
  grid-template-columns: [img] 1fr [content] 1fr;
  justify-items: center;
  -webkit-align-items: center;
  -webkit-box-align: center;
  -ms-flex-align: center;
  align-items: center;
}

.c1 {
  grid-column: img;
  width: 75%;
}

.c2 {
  display: -webkit-box;
  display: -webkit-flex;
  display: -ms-flexbox;
  display: flex;
  grid-column: content;
  -webkit-flex-direction: column;
  -ms-flex-direction: column;
  flex-direction: column;
  height: 100%;
  -webkit-box-pack: center;
  -webkit-justify-content: center;
  -ms-flex-pack: center;
  justify-content: center;
  -webkit-align-items: center;
  -webkit-box-align: center;
  -ms-flex-align: center;
  align-items: center;
}

.c3 {
  margin: 0px;
  text-align: center;
  font-size: 20em;
  color: #02A3EE;
}

.c4 {
  margin: 0px;
  text-align: center;
  font-size: 2em;
  color: #3E3E3E;
}

.c5 {
  max-height: 50px;
  padding: 12px;
  border: none;
  background-color: #4D02EE;
  border-radius: 5px;
  color: white;
  font-family: 'B612',sans-serif;
  font-size: 1rem;
  font-weight: 700;
  cursor: pointer;
  background-color: transparent;
  border: 1px solid #4D02EE;
  margin-top: 64px;
  border: 1px solid #02A3EE;
}

.c5:hover {
  opacity: 0.90;
}

.c5:focus {
  outline: none;
}

.c5:active {
  opacity: 0.80;
}

.c5:disabled {
  background-color: #3E3E3E;
}

.c5:disabled:hover {
  opacity: 1;
  cursor: auto;
}

@media (max-width:47.9375em) {
  .c0 {
    grid-template-columns: [content] 1fr;
  }
}

@media (max-width:47.9375em) {
  .c1 {
    display: none;
  }
}

@media (max-width:47.9375em) {
  .c3 {
    font-size: 10em;
  }
}

@media (max-width:47.9375em) {
  .c4 {
    font-size: 1em;
  }
}

<div
  className="c0"
>
  <img
    className="c1"
    src={[Function]}
  />
  <div
    className="c2"
  >
    <h1
      className="c3"
    >
      404
    </h1>
    <h2
      className="c4"
    >
      Houston, we have a problem
    </h2>
    <button
      className="c5"
    >
      <a
        className="c6"
        disabled={false}
        href="/"
        onClick={[Function]}
      >
        Reroute
      </a>
    </button>
  </div>
</div>
`;
