// Jest Snapshot v1, https://goo.gl/fbAQLP

exports[`settings page render correctly 1`] = `null`;
