// Jest Snapshot v1, https://goo.gl/fbAQLP

exports[`app renders correctly authenticated 1`] = `
<div>
  <div
    className="sc-fznJRM ixDFnb"
  >
    <div>
      <div
        className="sc-fznyAO dqfeKx"
      >
        <button
          className="sc-fzpans sc-fzplWN sc-fznKkj dWgsfJ"
          onClick={[Function]}
        >
          Log out
        </button>
      </div>
      <div
        className="sc-fzoLsD sc-fznZeY dctyrU"
      >
        <div
          className="sc-Axmtr cNWFxA"
        >
          <h2
            className="sc-AxmLO jBiGbn"
          >
            Agents
          </h2>
          <ul
            className="sc-fzozJi jqZnKs"
          />
        </div>
      </div>
    </div>
  </div>
</div>
`;

exports[`app renders correctly unauthenticated 1`] = `
<div>
  <div
    className="sc-fznJRM ixDFnb"
  >
    <div
      className="sc-fzqNJr TOXuw"
    >
      <div
        className="sc-fzoyAV jNQZPY"
      >
        <img
          className="sc-fznxsB eqinzM"
          src={[Function]}
        />
        <h1
          className="sc-fzoLag flKWgW"
        >
          Log in to Apollo
        </h1>
        <div
          className="sc-fzqBZW sc-fzoXzr uLdrn"
        >
          <form
            className="sc-fzpjYC cDswVg"
            onSubmit={[Function]}
          >
            <input
              className="sc-fzokOt dbZLPA"
              onChange={[Function]}
              placeholder="Username"
              type="username"
            />
            <input
              className="sc-fzokOt dbZLPA"
              onChange={[Function]}
              placeholder="Password"
              type="password"
            />
            <button
              className="sc-fzpans bCGSAF"
            >
              Log in
            </button>
          </form>
        </div>
      </div>
    </div>
  </div>
</div>
`;
