// Jest Snapshot v1, https://goo.gl/fbAQLP

exports[`not found renders correctly 1`] = `
.c6 {
  -webkit-text-decoration: none;
  text-decoration: none;
}

.c6:hover {
  opacity: 0.90;
}

.c0 {
  position: fixed;
  left: 50%;
  -webkit-transform: translate(-50%,0);
  -ms-transform: translate(-50%,0);
  transform: translate(-50%,0);
  width: 100%;
  max-width: 1750px;
  height: 100%;
  display: grid;
  grid-template-columns: [img] 1fr [content] 1fr;
  justify-items: center;
  -webkit-align-items: center;
  -webkit-box-align: center;
  -ms-flex-align: center;
  align-items: center;
}

.c1 {
  grid-column: img;
  width: 75%;
}

.c2 {
  display: -webkit-box;
  display: -webkit-flex;
  display: -ms-flexbox;
  display: flex;
  grid-column: content;
  -webkit-flex-direction: column;
  -ms-flex-direction: column;
  flex-direction: column;
  height: 100%;
  -webkit-box-pack: center;
  -webkit-justify-content: center;
  -ms-flex-pack: center;
  justify-content: center;
  -webkit-align-items: center;
  -webkit-box-align: center;
  -ms-flex-align: center;
  align-items: center;
}

.c3 {
  margin: 0px;
  text-align: center;
  font-size: 20em;
}

.c4 {
  margin: 0px;
  text-align: center;
  font-size: 2em;
}

.c5 {
  max-height: 50px;
  padding: 12px;
  border: none;
  border-radius: 5px;
  color: white;
  font-family: 'B612',sans-serif;
  font-size: 1rem;
  font-weight: 700;
  cursor: pointer;
  background-color: transparent;
  border: 1px solid;
  margin-top: 64px;
  border: 1px solid;
}

.c5:hover {
  opacity: 0.90;
}

@media (max-width:47.9375em) {
  .c0 {
    grid-template-columns: [content] 1fr;
  }
}

@media (max-width:47.9375em) {
  .c1 {
    display: none;
  }
}

@media (max-width:47.9375em) {
  .c3 {
    font-size: 10em;
  }
}

@media (max-width:47.9375em) {
  .c4 {
    font-size: 1em;
  }
}

<div
  className="c0"
>
  <img
    className="c1"
    src={[Function]}
  />
  <div
    className="c2"
  >
    <h1
      className="c3"
    >
      404
    </h1>
    <h2
      className="c4"
    >
      Houston, we have a problem
    </h2>
    <button
      className="sc-AxirZ sc-AxiKw c5"
    >
      <a
        className="c6"
        href="/"
        onClick={[Function]}
      >
        Reroute
      </a>
    </button>
  </div>
</div>
`;
