// Jest Snapshot v1, https://goo.gl/fbAQLP

exports[`form modal renders correctly 1`] = `
.c6 {
  max-height: 50px;
  padding: 12px;
  border: none;
  border-radius: 5px;
  color: white;
  font-family: 'B612',sans-serif;
  font-size: 1rem;
  font-weight: 700;
  cursor: pointer;
}

.c6:hover {
  opacity: 0.90;
}

.c6:focus {
  outline: none;
}

.c6:active {
  opacity: 0.80;
}

.c6:disabled:hover {
  opacity: 1;
  cursor: auto;
}

.c7 {
  background-color: transparent;
  border: 1px solid;
}

.c1 {
  padding: 40px;
  border-radius: 10px;
}

.c0 {
  display: inline;
  position: fixed;
  top: 0;
  left: 0;
  width: 100%;
  height: 100%;
  z-index: 10;
}

.c2 {
  position: absolute;
  left: 0;
  right: 0;
  top: 50%;
  margin-left: auto;
  margin-right: auto;
  min-height: 250px;
  width: 100%;
  max-width: 400px;
  -webkit-transform: translateY(-50%);
  -ms-transform: translateY(-50%);
  transform: translateY(-50%);
  box-sizing: border-box;
}

.c3 {
  text-align: center;
}

.c4 {
  height: 100%;
  display: grid;
  grid-template-rows: auto;
  grid-row-gap: 20px;
}

.c5 {
  display: -webkit-box;
  display: -webkit-flex;
  display: -ms-flexbox;
  display: flex;
  -webkit-box-pack: space-around;
  -webkit-justify-content: space-around;
  -ms-flex-pack: space-around;
  justify-content: space-around;
}

.c5> button {
  min-width: 150px;
  margin: 16px 0px;
}

@media (max-width:47.9375em) {
  .c5 {
    -webkit-box-pack: justify;
    -webkit-justify-content: space-between;
    -ms-flex-pack: justify;
    justify-content: space-between;
    -webkit-flex-direction: column-reverse;
    -ms-flex-direction: column-reverse;
    flex-direction: column-reverse;
  }
}

<div
  className="c0"
  onClick={[Function]}
>
  <div
    className="c1 c2"
  >
    <h2
      className="c3"
    >
      Test
    </h2>
    <form
      className="c4"
      onSubmit={[Function]}
    >
      <p>
        Test form
      </p>
      <div
        className="c5"
      >
        <button
          className="c6 c7"
          onClick={[Function]}
        >
          Cancel
        </button>
        <button
          className="c6"
        >
          Create
        </button>
      </div>
    </form>
  </div>
</div>
`;
