// Jest Snapshot v1, https://goo.gl/fbAQLP

exports[`ModalOverlay renders correctly 1`] = `
.c0 {
  display: inline;
  position: fixed;
  top: 0;
  left: 0;
  width: 100%;
  height: 100%;
  z-index: 1;
}

<div
  className="c0"
  onClick={[Function]}
>
  <div />
</div>
`;
