// Jest Snapshot v1, https://goo.gl/fbAQLP

exports[`Action renders correctly 1`] = `
.c0 {
  -webkit-text-decoration: none;
  text-decoration: none;
}

.c0:hover {
  opacity: 0.90;
}

.c1 {
  display: grid;
  grid-template-columns: [image] 50px [content] 1fr;
  grid-template-rows: [title] 1fr [body] 1fr;
  grid-column-gap: 30px;
  -webkit-align-items: center;
  -webkit-box-align: center;
  -ms-flex-align: center;
  align-items: center;
  margin: 16px;
}

.c2 {
  display: grid;
  -webkit-box-pack: center;
  -webkit-justify-content: center;
  -ms-flex-pack: center;
  justify-content: center;
  -webkit-align-items: center;
  -webkit-box-align: center;
  -ms-flex-align: center;
  align-items: center;
  grid-column: image;
  grid-row: 1 / 3;
  height: 50px;
  width: 100%;
  border: 1px solid;
  border-radius: 5px;
}

.c3 {
  grid-column: content;
  grid-row: title;
  margin: 0 0 8px 0;
}

.c4 {
  grid-column: content;
  grid-row: body;
  margin: 0;
}

<a
  className="c0 c1 verify"
  href="/agent/undefined/action/undefined"
  onClick={[Function]}
>
  <i
    className="c2 material-icons"
  >
    assessment
  </i>
  <h4
    className="c3"
  >
    test title
  </h4>
  <p
    className="c4"
  >
    test
  </p>
</a>
`;
