// Jest Snapshot v1, https://goo.gl/fbAQLP

exports[`renders correctly 1`] = `
<button
  className="Button-xwmqaf-0 dRwrV"
>
  Test
</button>
`;
