// Jest Snapshot v1, https://goo.gl/fbAQLP

exports[`renders correctly 1`] = `
.c0 {
  box-shadow: 0 10px 15px -3px rgba(0,0,0,0.1),0 4px 6px -2px rgba(0,0,0,0.05);
  padding: 40px;
  border-radius: 10px;
}

<div
  className="c0"
>
  Test
</div>
`;
