// Jest Snapshot v1, https://goo.gl/fbAQLP

exports[`renders correctly 1`] = `
<input
  className="sc-AxjAm gWnvPB"
  placeholder="username"
  type="username"
/>
`;
