// Jest Snapshot v1, https://goo.gl/fbAQLP

exports[`login renders correctly 1`] = `
.c3 {
  max-height: 50px;
  padding: 12px;
  border: none;
  border-radius: 5px;
  color: white;
  font-family: 'B612',sans-serif;
  font-size: 1rem;
  font-weight: 700;
  cursor: pointer;
}

.c3:hover {
  opacity: 0.90;
}

.c3:focus {
  outline: none;
}

.c3:active {
  opacity: 0.80;
}

.c3:disabled:hover {
  opacity: 1;
  cursor: auto;
}

.c1 {
  height: 80px;
}

.c2 {
  min-height: 50px;
  width: 100%;
  border: none;
  border-radius: 5px;
  font-family: 'Libre Franklin',sans-serif;
  font-size: 1rem;
  padding-left: 10px;
  opacity: 0.9;
  border: 1px solid transparent;
}

.c2:focus {
  outline: none;
  border: 1px solid;
}

.c0 {
  height: 75%;
  display: grid;
  grid-template-rows: auto;
  grid-row-gap: 40px;
}

<form
  className="c0"
  onSubmit={[Function]}
>
  <div
    className="c1"
  >
    <input
      className="c2"
      name="username"
      onChange={[Function]}
      placeholder="Username"
      type="username"
      value=""
    />
  </div>
  <div
    className="c1"
  >
    <input
      className="c2"
      name="password"
      onChange={[Function]}
      placeholder="Password"
      type="password"
      value=""
    />
  </div>
  <button
    className="c3"
  >
    Log in
  </button>
</form>
`;
