// Jest Snapshot v1, https://goo.gl/fbAQLP

exports[`DescriptionButton renders correctly 1`] = `
.c0 {
  max-height: 50px;
  padding: 12px;
  border: none;
  border-radius: 5px;
  color: white;
  font-family: 'B612',sans-serif;
  font-size: 1rem;
  font-weight: 700;
  cursor: pointer;
  background-color: transparent;
  border: 1px solid;
  display: grid;
  grid-template-rows: [title] 50px [description] 1fr;
  padding: 20px;
  min-height: 180px;
}

.c0:hover {
  opacity: 0.90;
}

.c0:focus {
  outline: none;
}

.c0:active {
  opacity: 0.80;
}

.c0:disabled:hover {
  opacity: 1;
  cursor: auto;
}

.c1 {
  grid-row: title;
  width: 80%;
  margin: 0 auto;
  text-align: center;
}

.c2 {
  grid-row: description;
  padding: 10px;
}

<button
  className="c0"
  onClick={[MockFunction]}
>
  <h3
    className="c1"
  >
    title
  </h3>
  <p
    className="c2"
  >
    <div />
  </p>
</button>
`;
